main.c:171:6:inkey	16	static
main.c:185:6:ethernetif_notify_conn_changed	16	static
main.c:198:5:main	48	static
main.c:306:6:SystemClock_Config	88	static
main.c:363:6:PeriphCommonClock_Config	144	static
main.c:391:13:MX_ADC3_Init	24	static
main.c:443:13:MX_CRC_Init	8	static
main.c:474:13:MX_DCMI_Init	8	static
main.c:511:13:MX_DMA2D_Init	8	static
main.c:548:13:MX_I2C1_Init	8	static
main.c:596:13:MX_I2C3_Init	8	static
main.c:644:13:MX_IWDG_Init	8	static
main.c:673:13:MX_LTDC_Init	64	static
main.c:735:13:MX_QUADSPI_Init	8	static
main.c:770:13:MX_RNG_Init	8	static
main.c:796:13:MX_RTC_Init	72	static
main.c:892:13:MX_SAI2_Init	8	static
main.c:967:13:MX_SDMMC1_SD_Init	4	static
main.c:995:13:MX_SPDIFRX_Init	8	static
main.c:1031:13:MX_SPI2_Init	8	static
main.c:1071:13:MX_TIM1_Init	112	static
main.c:1151:13:MX_TIM2_Init	64	static
main.c:1210:13:MX_TIM3_Init	64	static
main.c:1269:13:MX_TIM5_Init	40	static
main.c:1314:13:MX_TIM7_Init	24	static
main.c:1352:13:MX_TIM8_Init	40	static
main.c:1399:13:MX_TIM10_Init	8	static
main.c:1430:13:MX_TIM11_Init	8	static
main.c:1461:13:MX_TIM12_Init	40	static
main.c:1503:13:MX_USART1_UART_Init	8	static
main.c:1538:13:MX_USART6_UART_Init	8	static
main.c:1571:13:MX_DMA_Init	16	static
main.c:1588:13:MX_FMC_Init	40	static
main.c:1639:13:MX_GPIO_Init	72	static
main.c:1947:13:lcd_start	8	static
main.c:1970:6:draw_background	4	static
main.c:1976:5:moveCursor	24	static
main.c:1996:6:putcursor	16	static
main.c:2016:6:cursorPressAction	8	static
main.c:2031:6:BSP_AUDIO_OUT_TransferComplete_CallBack	4	static
main.c:2036:6:BSP_AUDIO_OUT_HalfTransfer_CallBack	4	static
main.c:2042:5:GetPlaylistItemName	16	static
main.c:2064:5:SetPlaylistItemName	16	static
main.c:2072:6:playerStartPlayback	24	static
main.c:2091:6:playerResumePlayback	16	static
main.c:2102:6:playerPause	16	static
main.c:2113:6:playerStop	8	static
main.c:2125:5:ListFilesInDirR	80	static
main.c:2155:5:ListFilesInCurrentDir	88	static
main.c:2184:6:StartPlaylistPlayback	8	static
main.c:2195:5:PlayNextItem	16	static
main.c:2211:5:PlayPreviousItem	16	static
main.c:2229:5:serialTestComm	640	dynamic
main.c:2448:6:handlePlayer	16	static
main.c:2509:6:RedrawList	24	static
main.c:2552:6:StartDefaultTask	64	static
main.c:2626:6:HAL_TIM_PeriodElapsedCallback	16	static
main.c:2643:6:Error_Handler	4	static,ignoring_inline_asm
