stm32f7xx_hal_msp.c:69:6:HAL_MspInit	16	static
stm32f7xx_hal_msp.c:93:6:HAL_ADC_MspInit	48	static
stm32f7xx_hal_msp.c:138:6:HAL_ADC_MspDeInit	16	static
stm32f7xx_hal_msp.c:174:6:HAL_CRC_MspInit	24	static
stm32f7xx_hal_msp.c:196:6:HAL_CRC_MspDeInit	16	static
stm32f7xx_hal_msp.c:218:6:HAL_DCMI_MspInit	64	static
stm32f7xx_hal_msp.c:296:6:HAL_DCMI_MspDeInit	16	static
stm32f7xx_hal_msp.c:343:6:HAL_DMA2D_MspInit	24	static
stm32f7xx_hal_msp.c:368:6:HAL_DMA2D_MspDeInit	16	static
stm32f7xx_hal_msp.c:393:6:HAL_I2C_MspInit	184	static
stm32f7xx_hal_msp.c:472:6:HAL_I2C_MspDeInit	16	static
stm32f7xx_hal_msp.c:523:6:HAL_LTDC_MspInit	64	static
stm32f7xx_hal_msp.c:624:6:HAL_LTDC_MspDeInit	16	static
stm32f7xx_hal_msp.c:693:6:HAL_QSPI_MspInit	56	static
stm32f7xx_hal_msp.c:756:6:HAL_QSPI_MspDeInit	16	static
stm32f7xx_hal_msp.c:793:6:HAL_RNG_MspInit	24	static
stm32f7xx_hal_msp.c:815:6:HAL_RNG_MspDeInit	16	static
stm32f7xx_hal_msp.c:837:6:HAL_RTC_MspInit	152	static
stm32f7xx_hal_msp.c:870:6:HAL_RTC_MspDeInit	16	static
stm32f7xx_hal_msp.c:892:6:HAL_SD_MspInit	48	static
stm32f7xx_hal_msp.c:987:6:HAL_SD_MspDeInit	16	static
stm32f7xx_hal_msp.c:1029:6:HAL_SPDIFRX_MspInit	176	static
stm32f7xx_hal_msp.c:1079:6:HAL_SPDIFRX_MspDeInit	16	static
stm32f7xx_hal_msp.c:1107:6:HAL_SPI_MspInit	48	static
stm32f7xx_hal_msp.c:1152:6:HAL_SPI_MspDeInit	16	static
stm32f7xx_hal_msp.c:1184:6:HAL_TIM_Base_MspInit	48	static
stm32f7xx_hal_msp.c:1283:6:HAL_TIM_PWM_MspInit	24	static
stm32f7xx_hal_msp.c:1299:6:HAL_TIM_MspPostInit	56	static
stm32f7xx_hal_msp.c:1393:6:HAL_TIM_Base_MspDeInit	16	static
stm32f7xx_hal_msp.c:1492:6:HAL_TIM_PWM_MspDeInit	16	static
stm32f7xx_hal_msp.c:1514:6:HAL_UART_MspInit	192	static
stm32f7xx_hal_msp.c:1606:6:HAL_UART_MspDeInit	16	static
stm32f7xx_hal_msp.c:1653:13:HAL_FMC_MspInit	32	static
stm32f7xx_hal_msp.c:1759:6:HAL_SDRAM_MspInit	16	static
stm32f7xx_hal_msp.c:1771:13:HAL_FMC_MspDeInit	8	static
stm32f7xx_hal_msp.c:1845:6:HAL_SDRAM_MspDeInit	16	static
stm32f7xx_hal_msp.c:1857:6:HAL_SAI_MspInit	48	static
stm32f7xx_hal_msp.c:1907:6:HAL_SAI_MspDeInit	16	static
